Archive member included to satisfy reference by file (symbol)

/usr/local/Caskroom/gcc-arm-embedded/9-2019-q4-major/gcc-arm-none-eabi-9-2019-q4-major/bin/../lib/gcc/arm-none-eabi/9.2.1/../../../../arm-none-eabi/lib/thumb/v6-m/nofp/libg_nano.a(lib_a-errno.o)
                              ./Libraries/Newlib/syscalls.o (__errno)
/usr/local/Caskroom/gcc-arm-embedded/9-2019-q4-major/gcc-arm-none-eabi-9-2019-q4-major/bin/../lib/gcc/arm-none-eabi/9.2.1/../../../../arm-none-eabi/lib/thumb/v6-m/nofp/libg_nano.a(lib_a-impure.o)
                              /usr/local/Caskroom/gcc-arm-embedded/9-2019-q4-major/gcc-arm-none-eabi-9-2019-q4-major/bin/../lib/gcc/arm-none-eabi/9.2.1/../../../../arm-none-eabi/lib/thumb/v6-m/nofp/libg_nano.a(lib_a-errno.o) (_impure_ptr)
/usr/local/Caskroom/gcc-arm-embedded/9-2019-q4-major/gcc-arm-none-eabi-9-2019-q4-major/bin/../lib/gcc/arm-none-eabi/9.2.1/../../../../arm-none-eabi/lib/thumb/v6-m/nofp/libg_nano.a(lib_a-init.o)
                              ./Startup/startup_XMC1300.o (__libc_init_array)

Discarded input sections

 .text          0x0000000000000000        0x0 ./Libraries/XMCLib/src/xmc1_eru.o
 .data          0x0000000000000000        0x0 ./Libraries/XMCLib/src/xmc1_eru.o
 .bss           0x0000000000000000        0x0 ./Libraries/XMCLib/src/xmc1_eru.o
 .text.XMC_ERU_Enable
                0x0000000000000000       0x10 ./Libraries/XMCLib/src/xmc1_eru.o
 .text.XMC_ERU_Disable
                0x0000000000000000       0x10 ./Libraries/XMCLib/src/xmc1_eru.o
 .debug_info    0x0000000000000000      0xd27 ./Libraries/XMCLib/src/xmc1_eru.o
 .debug_abbrev  0x0000000000000000      0x21a ./Libraries/XMCLib/src/xmc1_eru.o
 .debug_loc     0x0000000000000000       0x70 ./Libraries/XMCLib/src/xmc1_eru.o
 .debug_aranges
                0x0000000000000000       0x28 ./Libraries/XMCLib/src/xmc1_eru.o
 .debug_ranges  0x0000000000000000       0x18 ./Libraries/XMCLib/src/xmc1_eru.o
 .debug_line    0x0000000000000000      0x284 ./Libraries/XMCLib/src/xmc1_eru.o
 .debug_str     0x0000000000000000      0x661 ./Libraries/XMCLib/src/xmc1_eru.o
 .comment       0x0000000000000000       0x7a ./Libraries/XMCLib/src/xmc1_eru.o
 .debug_frame   0x0000000000000000       0x50 ./Libraries/XMCLib/src/xmc1_eru.o
 .ARM.attributes
                0x0000000000000000       0x2c ./Libraries/XMCLib/src/xmc1_eru.o
 .text          0x0000000000000000        0x0 ./Libraries/XMCLib/src/xmc1_flash.o
 .data          0x0000000000000000        0x0 ./Libraries/XMCLib/src/xmc1_flash.o
 .bss           0x0000000000000000        0x0 ./Libraries/XMCLib/src/xmc1_flash.o
 .text.XMC_FLASH_IsBusy
                0x0000000000000000       0x1a ./Libraries/XMCLib/src/xmc1_flash.o
 .text.XMC_FLASH_ClearStatus
                0x0000000000000000       0x20 ./Libraries/XMCLib/src/xmc1_flash.o
 .text.XMC_FLASH_GetStatus
                0x0000000000000000       0x14 ./Libraries/XMCLib/src/xmc1_flash.o
 .text.XMC_FLASH_EnableEvent
                0x0000000000000000       0x28 ./Libraries/XMCLib/src/xmc1_flash.o
 .text.XMC_FLASH_DisableEvent
                0x0000000000000000       0x2c ./Libraries/XMCLib/src/xmc1_flash.o
 .text.XMC_FLASH_ErasePage
                0x0000000000000000       0x1c ./Libraries/XMCLib/src/xmc1_flash.o
 .text.XMC_FLASH_ProgramVerifyPage
                0x0000000000000000       0x20 ./Libraries/XMCLib/src/xmc1_flash.o
 .text.XMC_FLASH_WriteBlocks
                0x0000000000000000       0xc0 ./Libraries/XMCLib/src/xmc1_flash.o
 .text.XMC_FLASH_ErasePages
                0x0000000000000000       0x46 ./Libraries/XMCLib/src/xmc1_flash.o
 .text.XMC_FLASH_VerifyBlocks
                0x0000000000000000       0x90 ./Libraries/XMCLib/src/xmc1_flash.o
 .text.XMC_FLASH_ReadBlocks
                0x0000000000000000       0x50 ./Libraries/XMCLib/src/xmc1_flash.o
 .text.XMC_FLASH_EraseSector
                0x0000000000000000       0x1a ./Libraries/XMCLib/src/xmc1_flash.o
 .text.XMC_FLASH_ProgramPage
                0x0000000000000000       0x1e ./Libraries/XMCLib/src/xmc1_flash.o
 .debug_info    0x0000000000000000      0xee2 ./Libraries/XMCLib/src/xmc1_flash.o
 .debug_abbrev  0x0000000000000000      0x276 ./Libraries/XMCLib/src/xmc1_flash.o
 .debug_loc     0x0000000000000000      0x2b4 ./Libraries/XMCLib/src/xmc1_flash.o
 .debug_aranges
                0x0000000000000000       0x80 ./Libraries/XMCLib/src/xmc1_flash.o
 .debug_ranges  0x0000000000000000       0x70 ./Libraries/XMCLib/src/xmc1_flash.o
 .debug_line    0x0000000000000000      0x536 ./Libraries/XMCLib/src/xmc1_flash.o
 .debug_str     0x0000000000000000      0xa13 ./Libraries/XMCLib/src/xmc1_flash.o
 .comment       0x0000000000000000       0x7a ./Libraries/XMCLib/src/xmc1_flash.o
 .debug_frame   0x0000000000000000      0x1a4 ./Libraries/XMCLib/src/xmc1_flash.o
 .ARM.attributes
                0x0000000000000000       0x2c ./Libraries/XMCLib/src/xmc1_flash.o
 .text          0x0000000000000000        0x0 ./Libraries/XMCLib/src/xmc1_gpio.o
[...]
Memory Configuration

Name             Origin             Length             Attributes
FLASH            0x0000000010001000 0x0000000000008000 xr
SRAM             0x0000000020000000 0x0000000000004000 !xr
*default*        0x0000000000000000 0xffffffffffffffff

Linker script and memory map

LOAD ./Libraries/XMCLib/src/xmc1_eru.o
LOAD ./Libraries/XMCLib/src/xmc1_flash.o
LOAD ./Libraries/XMCLib/src/xmc1_gpio.o
LOAD ./Libraries/XMCLib/src/xmc1_rtc.o
LOAD ./Libraries/XMCLib/src/xmc1_scu.o
LOAD ./Libraries/XMCLib/src/xmc_acmp.o
LOAD ./Libraries/XMCLib/src/xmc_bccu.o
LOAD ./Libraries/XMCLib/src/xmc_can.o
LOAD ./Libraries/XMCLib/src/xmc_ccu4.o
LOAD ./Libraries/XMCLib/src/xmc_ccu8.o
LOAD ./Libraries/XMCLib/src/xmc_common.o
LOAD ./Libraries/XMCLib/src/xmc_eru.o
LOAD ./Libraries/XMCLib/src/xmc_gpio.o
LOAD ./Libraries/XMCLib/src/xmc_i2c.o
LOAD ./Libraries/XMCLib/src/xmc_i2s.o
LOAD ./Libraries/XMCLib/src/xmc_ledts.o
LOAD ./Libraries/XMCLib/src/xmc_math.o
LOAD ./Libraries/XMCLib/src/xmc_pau.o
LOAD ./Libraries/XMCLib/src/xmc_posif.o
LOAD ./Libraries/XMCLib/src/xmc_prng.o
LOAD ./Libraries/XMCLib/src/xmc_rtc.o
LOAD ./Libraries/XMCLib/src/xmc_spi.o
LOAD ./Libraries/XMCLib/src/xmc_uart.o
LOAD ./Libraries/XMCLib/src/xmc_usic.o
LOAD ./Libraries/XMCLib/src/xmc_vadc.o
LOAD ./Libraries/XMCLib/src/xmc_wdt.o
LOAD ./Libraries/Newlib/syscalls.o
LOAD ./Startup/startup_XMC1300.o
LOAD ./Startup/system_XMC1300.o
LOAD ./App/main.o
START GROUP
LOAD /usr/local/Caskroom/gcc-arm-embedded/9-2019-q4-major/gcc-arm-none-eabi-9-2019-q4-major/bin/../lib/gcc/arm-none-eabi/9.2.1/thumb/v6-m/nofp/libgcc.a
LOAD /usr/local/Caskroom/gcc-arm-embedded/9-2019-q4-major/gcc-arm-none-eabi-9-2019-q4-major/bin/../lib/gcc/arm-none-eabi/9.2.1/../../../../arm-none-eabi/lib/thumb/v6-m/nofp/libg_nano.a
LOAD /usr/local/Caskroom/gcc-arm-embedded/9-2019-q4-major/gcc-arm-none-eabi-9-2019-q4-major/bin/../lib/gcc/arm-none-eabi/9.2.1/../../../../arm-none-eabi/lib/thumb/v6-m/nofp/libc_nano.a
END GROUP
START GROUP
LOAD /usr/local/Caskroom/gcc-arm-embedded/9-2019-q4-major/gcc-arm-none-eabi-9-2019-q4-major/bin/../lib/gcc/arm-none-eabi/9.2.1/thumb/v6-m/nofp/libgcc.a
LOAD /usr/local/Caskroom/gcc-arm-embedded/9-2019-q4-major/gcc-arm-none-eabi-9-2019-q4-major/bin/../lib/gcc/arm-none-eabi/9.2.1/../../../../arm-none-eabi/lib/thumb/v6-m/nofp/libc_nano.a
LOAD /usr/local/Caskroom/gcc-arm-embedded/9-2019-q4-major/gcc-arm-none-eabi-9-2019-q4-major/bin/../lib/gcc/arm-none-eabi/9.2.1/../../../../arm-none-eabi/lib/thumb/v6-m/nofp/libnosys.a
END GROUP
START GROUP
LOAD /usr/local/Caskroom/gcc-arm-embedded/9-2019-q4-major/gcc-arm-none-eabi-9-2019-q4-major/bin/../lib/gcc/arm-none-eabi/9.2.1/thumb/v6-m/nofp/libgcc.a
LOAD /usr/local/Caskroom/gcc-arm-embedded/9-2019-q4-major/gcc-arm-none-eabi-9-2019-q4-major/bin/../lib/gcc/arm-none-eabi/9.2.1/../../../../arm-none-eabi/lib/thumb/v6-m/nofp/libc_nano.a
LOAD /usr/local/Caskroom/gcc-arm-embedded/9-2019-q4-major/gcc-arm-none-eabi-9-2019-q4-major/bin/../lib/gcc/arm-none-eabi/9.2.1/../../../../arm-none-eabi/lib/thumb/v6-m/nofp/libnosys.a
END GROUP
                0x0000000000000400                stack_size = DEFINED (stack_size)?stack_size:0x400
                0x0000000000000004                no_init_size = 0x4

.text           0x0000000010001000      0x238
                0x0000000010001000                sText = .
 *(.reset)
 .reset         0x0000000010001000       0x9a ./Startup/startup_XMC1300.o
                0x0000000010001000                __Vectors
                0x0000000010001018                Reset_Handler
                0x0000000010001098                USIC0_5_IRQHandler
                0x0000000010001098                POSIF0_0_IRQHandler
                0x0000000010001098                HardFault_Handler
                0x0000000010001098                VADC0_G1_1_IRQHandler
                0x0000000010001098                SysTick_Handler
                0x0000000010001098                PendSV_Handler
                0x0000000010001098                CCU40_2_IRQHandler
                0x0000000010001098                SCU_0_IRQHandler
                0x0000000010001098                ERU0_0_IRQHandler
                0x0000000010001098                CCU80_1_IRQHandler
                0x0000000010001098                USIC0_0_IRQHandler
                0x0000000010001098                ERU0_2_IRQHandler
                0x0000000010001098                BCCU0_0_IRQHandler
                0x0000000010001098                ERU0_3_IRQHandler
                0x0000000010001098                VADC0_G0_1_IRQHandler
                0x0000000010001098                CCU40_0_IRQHandler
                0x0000000010001098                POSIF0_1_IRQHandler
                0x0000000010001098                VADC0_G0_0_IRQHandler
                0x0000000010001098                MATH0_0_IRQHandler
                0x0000000010001098                VADC0_C0_1_IRQHandler
                0x0000000010001098                SVC_Handler
                0x0000000010001098                USIC0_3_IRQHandler
                0x0000000010001098                VADC0_G1_0_IRQHandler
                0x0000000010001098                CCU80_0_IRQHandler
                0x0000000010001098                CCU40_1_IRQHandler
                0x0000000010001098                SCU_2_IRQHandler
                0x0000000010001098                USIC0_1_IRQHandler
                0x0000000010001098                CCU40_3_IRQHandler
                0x0000000010001098                USIC0_4_IRQHandler
                0x0000000010001098                SCU_1_IRQHandler
                0x0000000010001098                ERU0_1_IRQHandler
                0x0000000010001098                USIC0_2_IRQHandler
                0x0000000010001098                Default_handler
                0x0000000010001098                VADC0_C0_0_IRQHandler
 *(.text .text.* .gnu.linkonce.t.*)
 *fill*         0x000000001000109a        0x2 
 .text.__aeabi_uidiv
                0x000000001000109c       0x54 ./Libraries/XMCLib/src/xmc_math.o
                0x000000001000109c                __aeabi_uidiv
 .text._init    0x00000000100010f0        0xa ./Libraries/Newlib/syscalls.o
                0x00000000100010f0                _init
 .text.SystemInit
                0x00000000100010fa       0x12 ./Startup/system_XMC1300.o
                0x00000000100010fa                SystemInit
 .text.SystemCoreSetup
                0x000000001000110c       0x38 ./Startup/system_XMC1300.o
                0x000000001000110c                SystemCoreSetup
 .text.SystemCoreClockSetup
                0x0000000010001144       0x3c ./Startup/system_XMC1300.o
                0x0000000010001144                SystemCoreClockSetup
 .text.SystemCoreClockUpdate
                0x0000000010001180       0x68 ./Startup/system_XMC1300.o
                0x0000000010001180                SystemCoreClockUpdate
 .text.main     0x00000000100011e8        0x6 ./App/main.o
                0x00000000100011e8                main
 *fill*         0x00000000100011ee        0x2 
 .text.__libc_init_array
                0x00000000100011f0       0x48 /usr/local/Caskroom/gcc-arm-embedded/9-2019-q4-major/gcc-arm-none-eabi-9-2019-q4-major/bin/../lib/gcc/arm-none-eabi/9.2.1/../../../../arm-none-eabi/lib/thumb/v6-m/nofp/libg_nano.a(lib_a-init.o)
                0x00000000100011f0                __libc_init_array
 *(.init)
 *(.fini)
 *crtbegin.o(.ctors)
 *crtbegin?.o(.ctors)
 *(EXCLUDE_FILE(*crtend.o *crtend?.o) .ctors)
 *(SORT_BY_NAME(.ctors.*))
 *(.ctors)
 *crtbegin.o(.dtors)
 *crtbegin?.o(.dtors)
 *(EXCLUDE_FILE(*crtend.o *crtend?.o) .dtors)
 *(SORT_BY_NAME(.dtors.*))
 *(.dtors)
 *(.rodata .rodata.*)
 *(.gnu.linkonce.r*)
 *(vtable)
                0x0000000010001238                . = ALIGN (0x4)

.glue_7         0x0000000010001238        0x0
 .glue_7        0x0000000010001238        0x0 linker stubs

.glue_7t        0x0000000010001238        0x0
 .glue_7t       0x0000000010001238        0x0 linker stubs

.vfp11_veneer   0x0000000010001238        0x0
 .vfp11_veneer  0x0000000010001238        0x0 linker stubs

.v4_bx          0x0000000010001238        0x0
 .v4_bx         0x0000000010001238        0x0 linker stubs

.iplt           0x0000000010001238        0x0
 .iplt          0x0000000010001238        0x0 ./Libraries/XMCLib/src/xmc_math.o

.eh_frame_hdr
 *(.eh_frame_hdr)

.eh_frame
 *(.eh_frame)

.ARM.extab
 *(.ARM.extab* .gnu.linkonce.armextab.*)
                0x0000000010001238                . = ALIGN (0x4)
                0x0000000010001238                __exidx_start = .

.ARM.exidx
 *(.ARM.exidx* .gnu.linkonce.armexidx.*)
                0x0000000010001238                __exidx_end = .
                0x0000000010001238                . = ALIGN (0x4)

.VENEER_Code    0x000000002000000c      0x138 load address 0x0000000010001238
                0x000000002000000c                . = ALIGN (0x4)
                0x000000002000000c                VeneerStart = .
 *(.XmcVeneerCode)
 .XmcVeneerCode
                0x000000002000000c      0x138 ./Startup/startup_XMC1300.o
                0x000000002000000c                HardFault_Veneer
                0x000000002000002c                SVC_Veneer
                0x0000000020000038                PendSV_Veneer
                0x000000002000003c                SysTick_Veneer
                0x0000000020000040                SCU_0_Veneer
                0x0000000020000044                SCU_1_Veneer
                0x0000000020000048                SCU_2_Veneer
                0x000000002000004c                SCU_3_Veneer
                0x0000000020000050                SCU_4_Veneer
                0x0000000020000054                SCU_5_Veneer
                0x0000000020000058                SCU_6_Veneer
                0x000000002000005c                MATH_Veneer
                0x0000000020000064                USIC0_0_Veneer
                0x0000000020000068                USIC0_1_Veneer
                0x000000002000006c                USIC0_2_Veneer
                0x0000000020000070                USIC0_3_Veneer
                0x0000000020000074                USIC0_4_Veneer
                0x0000000020000078                USIC0_5_Veneer
                0x000000002000007c                VADC0_C0_0_Veneer
                0x0000000020000080                VADC0_C0_1_Veneer
                0x0000000020000084                VADC0_G0_0_Veneer
                0x0000000020000088                VADC0_G0_1_Veneer
                0x000000002000008c                VADC0_G1_0_Veneer
                0x0000000020000090                VADC0_G1_1_Veneer
                0x0000000020000094                CCU40_0_Veneer
                0x0000000020000098                CCU40_1_Veneer
                0x000000002000009c                CCU40_2_Veneer
                0x00000000200000a0                CCU40_3_Veneer
                0x00000000200000a4                CCU80_0_Veneer
                0x00000000200000a8                CCU80_1_Veneer
                0x00000000200000ac                POSIF0_0_Veneer
                0x00000000200000b0                POSIF0_1_Veneer
                0x00000000200000bc                BCCU0_0_Veneer
                0x0000000020000144                . = ALIGN (0x4)
                0x0000000020000144                VeneerEnd = .
                0x0000000010001238                eROData = LOADADDR (.VENEER_Code)
                0x0000000000000138                VeneerSize = (ABSOLUTE (VeneerEnd) - ABSOLUTE (VeneerStart))

.rel.dyn        0x0000000020000144        0x0 load address 0x0000000010001370
 .rel.iplt      0x0000000020000144        0x0 ./Libraries/XMCLib/src/xmc_math.o

Stack           0x0000000020000144      0x404 load address 0x0000000000000000
                0x0000000020000148                . = ALIGN (0x8)
 *fill*         0x0000000020000144        0x4 
                0x0000000020000548                . = (. + stack_size)
 *fill*         0x0000000020000148      0x400 
                0x0000000020000548                __initial_sp = .

.data           0x0000000020000548        0x0 load address 0x0000000010001370
                0x0000000020000548                . = ALIGN (0x4)
                0x0000000020000548                __data_start = .
 *(.data)
 *(.data*)
 *(*.data)
 *(.gnu.linkonce.d*)
                0x0000000020000548                . = ALIGN (0x4)
                0x0000000020000548                PROVIDE (__preinit_array_start = .)
 *(.preinit_array)
                0x0000000020000548                PROVIDE (__preinit_array_end = .)
                0x0000000020000548                . = ALIGN (0x4)
                0x0000000020000548                PROVIDE (__init_array_start = .)
 *(SORT_BY_NAME(.init_array.*))
 *(.init_array)
                0x0000000020000548                PROVIDE (__init_array_end = .)
                0x0000000020000548                . = ALIGN (0x4)
                [!provide]                        PROVIDE (__fini_array_start = .)
 *(SORT_BY_NAME(.fini_array.*))
 *(.fini_array)
                [!provide]                        PROVIDE (__fini_array_end = .)
                0x0000000020000548                . = ALIGN (0x4)
                0x0000000020000548                __data_end = .
                0x0000000010001370                DataLoadAddr = LOADADDR (.data)
                0x0000000000000000                __data_size = (__data_end - __data_start)

.igot.plt       0x0000000020000548        0x0 load address 0x0000000010001370
 .igot.plt      0x0000000020000548        0x0 ./Libraries/XMCLib/src/xmc_math.o

.ram_code       0x0000000020000548        0x0 load address 0x0000000010001370
                0x0000000020000548                . = ALIGN (0x4)
                0x0000000020000548                __ram_code_start = .
 *(.ram_code)
                0x0000000020000548                . = ALIGN (0x4)
                0x0000000020000548                __ram_code_end = .
                0x0000000010001370                __ram_code_load = LOADADDR (.ram_code)
                0x0000000000000000                __ram_code_size = (__ram_code_end - __ram_code_start)
                0x0000000000000370                __text_size = ((((__exidx_end - sText) + VeneerSize) + __data_size) + __ram_code_size)
                0x0000000010001370                eText = (sText + __text_size)

.bss            0x0000000020000548        0x8 load address 0x0000000010001370
                0x0000000020000548                . = ALIGN (0x4)
                0x0000000020000548                __bss_start = .
 *(.bss)
 *(.bss*)
 .bss.IDIV.5019
                0x0000000020000548        0x4 ./Startup/system_XMC1300.o
 .bss.FDIV.5020
                0x000000002000054c        0x4 ./Startup/system_XMC1300.o
 *(COMMON)
 *(.gnu.linkonce.b*)
                0x0000000020000550                . = ALIGN (0x4)
                0x0000000020000550                __bss_end = .
                0x0000000020000550                . = ALIGN (0x8)
                0x0000000020000550                Heap_Bank1_Start = .
                0x0000000000000008                __bss_size = (__bss_end - __bss_start)

.no_init        0x0000000020003ffc        0x4 load address 0x0000000000003eb8
                0x0000000020003ffc                Heap_Bank1_End = .
 *(.no_init)
 .no_init       0x0000000020003ffc        0x4 ./Startup/system_XMC1300.o
                0x0000000020003ffc                SystemCoreClock
                0x0000000000003aac                Heap_Bank1_Size = (Heap_Bank1_End - Heap_Bank1_Start)
                0x0000000000000001                ASSERT ((Heap_Bank1_Start <= Heap_Bank1_End), region SRAM overflowed no_init section)

/DISCARD/
 *(.comment)

.stab
 *(.stab)

.stabstr
 *(.stabstr)

.debug
 *(.debug)

.line
 *(.line)

.debug_srcinfo
 *(.debug_srcinfo)

.debug_sfnames
 *(.debug_sfnames)

.debug_aranges  0x0000000000000000      0x198
 *(.debug_aranges)
 .debug_aranges
                0x0000000000000000       0xf0 ./Libraries/XMCLib/src/xmc_math.o
 .debug_aranges
                0x00000000000000f0       0x28 ./Libraries/Newlib/syscalls.o
 .debug_aranges
                0x0000000000000118       0x28 ./Startup/startup_XMC1300.o
 .debug_aranges
                0x0000000000000140       0x38 ./Startup/system_XMC1300.o
 .debug_aranges
                0x0000000000000178       0x20 ./App/main.o

.debug_pubnames
 *(.debug_pubnames)

.debug_pubtypes
 *(.debug_pubtypes)

.debug_info     0x0000000000000000     0x2f25
 *(.debug_info .gnu.linkonce.wi.*)
 .debug_info    0x0000000000000000     0x1661 ./Libraries/XMCLib/src/xmc_math.o
 .debug_info    0x0000000000001661      0xac1 ./Libraries/Newlib/syscalls.o
 .debug_info    0x0000000000002122       0x22 ./Startup/startup_XMC1300.o
 .debug_info    0x0000000000002144      0x3ae ./Startup/system_XMC1300.o
 .debug_info    0x00000000000024f2      0xa33 ./App/main.o

.debug_abbrev   0x0000000000000000      0x864
 *(.debug_abbrev)
 .debug_abbrev  0x0000000000000000      0x37e ./Libraries/XMCLib/src/xmc_math.o
 .debug_abbrev  0x000000000000037e      0x205 ./Libraries/Newlib/syscalls.o
 .debug_abbrev  0x0000000000000583       0x12 ./Startup/startup_XMC1300.o
 .debug_abbrev  0x0000000000000595      0x11e ./Startup/system_XMC1300.o
 .debug_abbrev  0x00000000000006b3      0x1b1 ./App/main.o

.debug_line     0x0000000000000000     0x10eb
 *(.debug_line)
 .debug_line    0x0000000000000000      0x9a3 ./Libraries/XMCLib/src/xmc_math.o
 .debug_line    0x00000000000009a3      0x1bd ./Libraries/Newlib/syscalls.o
 .debug_line    0x0000000000000b60      0x102 ./Startup/startup_XMC1300.o
 .debug_line    0x0000000000000c62      0x24e ./Startup/system_XMC1300.o
 .debug_line    0x0000000000000eb0      0x23b ./App/main.o

.debug_frame    0x0000000000000000      0x4a4
 *(.debug_frame)
 .debug_frame   0x0000000000000000      0x380 ./Libraries/XMCLib/src/xmc_math.o
 .debug_frame   0x0000000000000380       0x4c ./Libraries/Newlib/syscalls.o
 .debug_frame   0x00000000000003cc       0x80 ./Startup/system_XMC1300.o
 .debug_frame   0x000000000000044c       0x2c ./App/main.o
 .debug_frame   0x0000000000000478       0x2c /usr/local/Caskroom/gcc-arm-embedded/9-2019-q4-major/gcc-arm-none-eabi-9-2019-q4-major/bin/../lib/gcc/arm-none-eabi/9.2.1/../../../../arm-none-eabi/lib/thumb/v6-m/nofp/libg_nano.a(lib_a-init.o)

.debug_str      0x0000000000000000      0xe6c
 *(.debug_str)
 .debug_str     0x0000000000000000      0xc6e ./Libraries/XMCLib/src/xmc_math.o
                                        0xd03 (size before relaxing)
 .debug_str     0x0000000000000c6e       0x87 ./Libraries/Newlib/syscalls.o
                                        0x5f5 (size before relaxing)
 .debug_str     0x0000000000000cf5       0x2b ./Startup/startup_XMC1300.o
                                         0x5f (size before relaxing)
 .debug_str     0x0000000000000d20      0x139 ./Startup/system_XMC1300.o
                                        0x30b (size before relaxing)
 .debug_str     0x0000000000000e59       0x13 ./App/main.o
                                        0x5a0 (size before relaxing)

.debug_loc      0x0000000000000000      0x72c
 *(.debug_loc)
 .debug_loc     0x0000000000000000      0x5ec ./Libraries/XMCLib/src/xmc_math.o
 .debug_loc     0x00000000000005ec       0x64 ./Libraries/Newlib/syscalls.o
 .debug_loc     0x0000000000000650       0xb0 ./Startup/system_XMC1300.o
 .debug_loc     0x0000000000000700       0x2c ./App/main.o

.debug_macinfo
 *(.debug_macinfo)

.debug_ranges   0x0000000000000000      0x150
 *(.debug_ranges)
 .debug_ranges  0x0000000000000000       0xe0 ./Libraries/XMCLib/src/xmc_math.o
 .debug_ranges  0x00000000000000e0       0x18 ./Libraries/Newlib/syscalls.o
 .debug_ranges  0x00000000000000f8       0x20 ./Startup/startup_XMC1300.o
 .debug_ranges  0x0000000000000118       0x28 ./Startup/system_XMC1300.o
 .debug_ranges  0x0000000000000140       0x10 ./App/main.o

.debug_weaknames
 *(.debug_weaknames)

.debug_funcnames
 *(.debug_funcnames)

.debug_typenames
 *(.debug_typenames)

.debug_varnames
 *(.debug_varnames)

.build_attributes
                0x0000000000000000       0xfd
 *(.ARM.attributes)
 .ARM.attributes
                0x0000000000000000       0x2c ./Libraries/XMCLib/src/xmc_math.o
 .ARM.attributes
                0x000000000000002c       0x2c ./Libraries/Newlib/syscalls.o
 .ARM.attributes
                0x0000000000000058       0x21 ./Startup/startup_XMC1300.o
 .ARM.attributes
                0x0000000000000079       0x2c ./Startup/system_XMC1300.o
 .ARM.attributes
                0x00000000000000a5       0x2c ./App/main.o
 .ARM.attributes
                0x00000000000000d1       0x2c /usr/local/Caskroom/gcc-arm-embedded/9-2019-q4-major/gcc-arm-none-eabi-9-2019-q4-major/bin/../lib/gcc/arm-none-eabi/9.2.1/../../../../arm-none-eabi/lib/thumb/v6-m/nofp/libg_nano.a(lib_a-init.o)
OUTPUT(Bin/dbg_blinky.elf elf32-littlearm)
